# serializer version: 1
# name: test_gt_plt_bar_pct_snap
  '''
  <tbody class="gt_table_body">
    <tr>
      <td class="gt_row gt_right"><div style="display: flex;"><svg xmlns="http://www.w3.org/2000/svg" width="100px" height="16px"><rect x="0" y="0" width="100px" height="16px" fill="#e1e1e1"/><rect x="0" y="0" width="0.33333333333333337px" height="16px" fill="purple"/></svg></div></td>
      <td class="gt_row gt_left">apricot</td>
      <td class="gt_row gt_left">one</td>
      <td class="gt_row gt_right">2015-01-15</td>
      <td class="gt_row gt_right">13:35</td>
      <td class="gt_row gt_right">2018-01-01 02:22</td>
      <td class="gt_row gt_right">49.95</td>
      <td class="gt_row gt_left">row_1</td>
      <td class="gt_row gt_left">grp_a</td>
    </tr>
    <tr>
      <td class="gt_row gt_right"><div style="display: flex;"><svg xmlns="http://www.w3.org/2000/svg" width="100px" height="16px"><rect x="0" y="0" width="100px" height="16px" fill="#e1e1e1"/><rect x="0" y="0" width="6.666666666666668px" height="16px" fill="purple"/></svg></div></td>
      <td class="gt_row gt_left">banana</td>
      <td class="gt_row gt_left">two</td>
      <td class="gt_row gt_right">2015-02-15</td>
      <td class="gt_row gt_right">14:40</td>
      <td class="gt_row gt_right">2018-02-02 14:33</td>
      <td class="gt_row gt_right">17.95</td>
      <td class="gt_row gt_left">row_2</td>
      <td class="gt_row gt_left">grp_a</td>
    </tr>
    <tr>
      <td class="gt_row gt_right"><div style="display: flex;"><svg xmlns="http://www.w3.org/2000/svg" width="100px" height="16px"><rect x="0" y="0" width="100px" height="16px" fill="#e1e1e1"/><rect x="0" y="0" width="100.0px" height="16px" fill="purple"/></svg></div></td>
      <td class="gt_row gt_left">coconut</td>
      <td class="gt_row gt_left">three</td>
      <td class="gt_row gt_right">2015-03-15</td>
      <td class="gt_row gt_right">15:45</td>
      <td class="gt_row gt_right">2018-03-03 03:44</td>
      <td class="gt_row gt_right">1.39</td>
      <td class="gt_row gt_left">row_3</td>
      <td class="gt_row gt_left">grp_a</td>
    </tr>
  </tbody>
  '''
# ---
# name: test_gt_plt_bar_snap
  '''
  <tbody class="gt_table_body">
    <tr>
      <td class="gt_row gt_right"><div style="display: flex;"><svg xmlns="http://www.w3.org/2000/svg" width="60" height="30"><rect x="0" y="5.0px" width="0.2px" height="20px" fill="purple"/><text dominant-baseline="central" text-anchor="end" font-size="12.0" fill="white" x="0.196px" y="15.0px"/><line stroke="black" stroke-width="3.0px" x1="0" y1="0" x2="0" y2="30px"/></svg></div></td>
      <td class="gt_row gt_left">apricot</td>
      <td class="gt_row gt_left">one</td>
      <td class="gt_row gt_right">2015-01-15</td>
      <td class="gt_row gt_right">13:35</td>
      <td class="gt_row gt_right">2018-01-01 02:22</td>
      <td class="gt_row gt_right">49.95</td>
      <td class="gt_row gt_left">row_1</td>
      <td class="gt_row gt_left">grp_a</td>
    </tr>
    <tr>
      <td class="gt_row gt_right"><div style="display: flex;"><svg xmlns="http://www.w3.org/2000/svg" width="60" height="30"><rect x="0" y="5.0px" width="4.0px" height="20px" fill="purple"/><text dominant-baseline="central" text-anchor="end" font-size="12.0" fill="white" x="3.92px" y="15.0px"/><line stroke="black" stroke-width="3.0px" x1="0" y1="0" x2="0" y2="30px"/></svg></div></td>
      <td class="gt_row gt_left">banana</td>
      <td class="gt_row gt_left">two</td>
      <td class="gt_row gt_right">2015-02-15</td>
      <td class="gt_row gt_right">14:40</td>
      <td class="gt_row gt_right">2018-02-02 14:33</td>
      <td class="gt_row gt_right">17.95</td>
      <td class="gt_row gt_left">row_2</td>
      <td class="gt_row gt_left">grp_a</td>
    </tr>
    <tr>
      <td class="gt_row gt_right"><div style="display: flex;"><svg xmlns="http://www.w3.org/2000/svg" width="60" height="30"><rect x="0" y="5.0px" width="60.0px" height="20px" fill="purple"/><text dominant-baseline="central" text-anchor="end" font-size="12.0" fill="white" x="58.8px" y="15.0px"/><line stroke="black" stroke-width="3.0px" x1="0" y1="0" x2="0" y2="30px"/></svg></div></td>
      <td class="gt_row gt_left">coconut</td>
      <td class="gt_row gt_left">three</td>
      <td class="gt_row gt_right">2015-03-15</td>
      <td class="gt_row gt_right">15:45</td>
      <td class="gt_row gt_right">2018-03-03 03:44</td>
      <td class="gt_row gt_right">1.39</td>
      <td class="gt_row gt_left">row_3</td>
      <td class="gt_row gt_left">grp_a</td>
    </tr>
  </tbody>
  '''
# ---
# name: test_gt_plt_bar_stack_snap
  '''
  <tbody class="gt_table_body">
    <tr>
      <td class="gt_row gt_left">A</td>
      <td class="gt_row gt_right"><div style="display: flex;"><svg xmlns="http://www.w3.org/2000/svg" width="100" height="30"><rect x="0" y="0" width="32.666666666666664" height="30" fill="red"/><text dominant-baseline="central" text-anchor="middle" font-size="10" fill="#000000" x="16.333333333333332" y="15.0">10</text><rect x="34.666666666666664" y="0" width="65.33333333333333" height="30" fill="blue"/><text dominant-baseline="central" text-anchor="middle" font-size="10" fill="#FFFFFF" x="67.33333333333333" y="15.0">20</text></svg></div></td>
    </tr>
    <tr>
      <td class="gt_row gt_left">B</td>
      <td class="gt_row gt_right"><div style="display: flex;"><svg xmlns="http://www.w3.org/2000/svg" width="100" height="30"><rect x="0" y="0" width="56.0" height="30" fill="red"/><text dominant-baseline="central" text-anchor="middle" font-size="10" fill="#000000" x="28.0" y="15.0">40</text><rect x="58.0" y="0" width="42.0" height="30" fill="blue"/><text dominant-baseline="central" text-anchor="middle" font-size="10" fill="#FFFFFF" x="79.0" y="15.0">30</text></svg></div></td>
    </tr>
  </tbody>
  '''
# ---
# name: test_gt_plt_bullet_snap
  '''
  <tbody class="gt_table_body">
    <tr>
      <td class="gt_row gt_left">A</td>
      <td class="gt_row gt_right"><div style="display: flex;"><svg xmlns="http://www.w3.org/2000/svg" width="60" height="30"><rect x="0" y="5.0px" width="24.0px" height="20px" fill="purple"/><text dominant-baseline="central" text-anchor="end" font-size="12.0" fill="black" x="23.52px" y="15.0px"/><line stroke="black" stroke-width="3.0px" x1="0" y1="0" x2="0" y2="30px"/><line stroke="darkgrey" stroke-width="3.0px" x1="27.299999999999997px" y1="0" x2="27.299999999999997px" y2="30px"/></svg></div></td>
    </tr>
    <tr>
      <td class="gt_row gt_left">B</td>
      <td class="gt_row gt_right"><div style="display: flex;"><svg xmlns="http://www.w3.org/2000/svg" width="60" height="30"><rect x="0" y="5.0px" width="36.0px" height="20px" fill="purple"/><text dominant-baseline="central" text-anchor="end" font-size="12.0" fill="black" x="35.28px" y="15.0px"/><line stroke="black" stroke-width="3.0px" x1="0" y1="0" x2="0" y2="30px"/><line stroke="darkgrey" stroke-width="3.0px" x1="41.699999999999996px" y1="0" x2="41.699999999999996px" y2="30px"/></svg></div></td>
    </tr>
    <tr>
      <td class="gt_row gt_left">C</td>
      <td class="gt_row gt_right"><div style="display: flex;"><svg xmlns="http://www.w3.org/2000/svg" width="60" height="30"><rect x="0" y="5.0px" width="60.0px" height="20px" fill="purple"/><text dominant-baseline="central" text-anchor="end" font-size="12.0" fill="black" x="58.8px" y="15.0px"/><line stroke="black" stroke-width="3.0px" x1="0" y1="0" x2="0" y2="30px"/><line stroke="darkgrey" stroke-width="3.0px" x1="46.5px" y1="0" x2="46.5px" y2="30px"/></svg></div></td>
    </tr>
  </tbody>
  '''
# ---
# name: test_gt_plt_conf_int_snap
  '''
  <tbody class="gt_table_body">
    <tr>
      <td class="gt_row gt_left">A</td>
      <td class="gt_row gt_right"><div style="display: flex;"><svg xmlns="http://www.w3.org/2000/svg" width="100" height="30"><rect x="26.69491525423729" y="18.5" width="31.073446327683623" height="3.0" rx="2" fill="royalblue"/><circle stroke="red" stroke-width="1.5" cx="42.2316384180791" cy="20.0" r="3.0" fill="red"/><text dominant-baseline="central" text-anchor="start" font-size="10" fill="black" x="26.69491525423729" y="12.5">4.1</text><text dominant-baseline="central" text-anchor="end" font-size="10" fill="black" x="57.768361581920914" y="12.5">6.3</text></svg></div></td>
      <td class="gt_row gt_right">4.1</td>
      <td class="gt_row gt_right">6.3</td>
    </tr>
    <tr>
      <td class="gt_row gt_left">B</td>
      <td class="gt_row gt_right"><div style="display: flex;"><svg xmlns="http://www.w3.org/2000/svg" width="100" height="30"><rect x="66.24293785310735" y="18.5" width="25.423728813559308" height="3.0" rx="2" fill="royalblue"/><circle stroke="red" stroke-width="1.5" cx="78.95480225988702" cy="20.0" r="3.0" fill="red"/><text dominant-baseline="central" text-anchor="start" font-size="10" fill="black" x="66.24293785310735" y="12.5">6.9</text><text dominant-baseline="central" text-anchor="end" font-size="10" fill="black" x="91.66666666666666" y="12.5">8.7</text></svg></div></td>
      <td class="gt_row gt_right">6.9</td>
      <td class="gt_row gt_right">8.7</td>
    </tr>
    <tr>
      <td class="gt_row gt_left">C</td>
      <td class="gt_row gt_right"><div style="display: flex;"><svg xmlns="http://www.w3.org/2000/svg" width="100" height="30"><rect x="8.333333333333332" y="18.5" width="16.949152542372886" height="3.0" rx="2" fill="royalblue"/><circle stroke="red" stroke-width="1.5" cx="16.807909604519775" cy="20.0" r="3.0" fill="red"/><text dominant-baseline="central" text-anchor="start" font-size="10" fill="black" x="8.333333333333332" y="12.5">2.8</text><text dominant-baseline="central" text-anchor="end" font-size="10" fill="black" x="25.282485875706218" y="12.5">4</text></svg></div></td>
      <td class="gt_row gt_right">2.8</td>
      <td class="gt_row gt_right">4.0</td>
    </tr>
  </tbody>
  '''
# ---
# name: test_gt_plt_donut_snap
  '''
  <tbody class="gt_table_body">
    <tr>
      <td class="gt_row gt_right"><div style="display: flex;"><svg style="" xmlns="http://www.w3.org/2000/svg" width="30" height="30"><path stroke="transparent" stroke-width="0" d="M 15.0 0.0 A 15.0 15.0 0 0 1 15.314136298250354 0.00328974787731795 L 15.125654519300141 9.001315899150928 A 6.0 6.0 0 0 0 15.0 9.0 Z " fill="purple"/></svg></div></td>
      <td class="gt_row gt_left">apricot</td>
      <td class="gt_row gt_left">one</td>
      <td class="gt_row gt_right">2015-01-15</td>
      <td class="gt_row gt_right">13:35</td>
      <td class="gt_row gt_right">2018-01-01 02:22</td>
      <td class="gt_row gt_right">49.95</td>
      <td class="gt_row gt_left">row_1</td>
      <td class="gt_row gt_left">grp_a</td>
    </tr>
    <tr>
      <td class="gt_row gt_right"><div style="display: flex;"><svg style="" xmlns="http://www.w3.org/2000/svg" width="30" height="30"><path stroke="transparent" stroke-width="0" d="M 15.0 0.0 A 15.0 15.0 0 0 1 21.101049646137003 1.2968181353609864 L 17.440419858454803 9.518727254144395 A 6.0 6.0 0 0 0 15.0 9.0 Z " fill="purple"/></svg></div></td>
      <td class="gt_row gt_left">banana</td>
      <td class="gt_row gt_left">two</td>
      <td class="gt_row gt_right">2015-02-15</td>
      <td class="gt_row gt_right">14:40</td>
      <td class="gt_row gt_right">2018-02-02 14:33</td>
      <td class="gt_row gt_right">17.95</td>
      <td class="gt_row gt_left">row_2</td>
      <td class="gt_row gt_left">grp_a</td>
    </tr>
    <tr>
      <td class="gt_row gt_right"><div style="display: flex;"><svg style="fill-rule:true;" xmlns="http://www.w3.org/2000/svg" width="30" height="30"><path stroke="transparent" stroke-width="0" d="M 15.0 0.0 A 15.0 15.0 0 0 1 15.0 30.0 A 15.0 15.0 0 0 1 15.0 0.0 Z  M 15.0 9.0 A 6.0 6.0 0 0 0 15.0 21.0 A 6.0 6.0 0 0 0 15.0 9.0 Z " fill="purple"/></svg></div></td>
      <td class="gt_row gt_left">coconut</td>
      <td class="gt_row gt_left">three</td>
      <td class="gt_row gt_right">2015-03-15</td>
      <td class="gt_row gt_right">15:45</td>
      <td class="gt_row gt_right">2018-03-03 03:44</td>
      <td class="gt_row gt_right">1.39</td>
      <td class="gt_row gt_left">row_3</td>
      <td class="gt_row gt_left">grp_a</td>
    </tr>
  </tbody>
  '''
# ---
# name: test_gt_plt_dot_snap
  '''
  <tbody class="gt_table_body">
    <tr>
      <td class="gt_row gt_right">0.1111</td>
      <td class="gt_row gt_left">apricot</td>
      <td class="gt_row gt_left"><div style="display: flex;"><svg xmlns="http://www.w3.org/2000/svg" width="120" height="30"><circle cx="5.818181818181818" cy="15.0" r="5.818181818181818" fill="#000000"/><text dominant-baseline="central" text-anchor="start" font-size="16" fill="black" x="14.545454545454545" y="15.0">one</text><rect x="0" y="24.6" width="120.0" height="3.75" rx="2" fill="#000000"/></svg></div></td>
      <td class="gt_row gt_right">2015-01-15</td>
      <td class="gt_row gt_right">13:35</td>
      <td class="gt_row gt_right">2018-01-01 02:22</td>
      <td class="gt_row gt_right">49.95</td>
      <td class="gt_row gt_left">row_1</td>
      <td class="gt_row gt_left">grp_a</td>
    </tr>
    <tr>
      <td class="gt_row gt_right">2.222</td>
      <td class="gt_row gt_left">banana</td>
      <td class="gt_row gt_left"><div style="display: flex;"><svg xmlns="http://www.w3.org/2000/svg" width="120" height="30"><circle cx="5.818181818181818" cy="15.0" r="5.818181818181818" fill="#25bce6"/><text dominant-baseline="central" text-anchor="start" font-size="16" fill="black" x="14.545454545454545" y="15.0">two</text><rect x="0" y="24.6" width="43.123123123123115" height="3.75" rx="2" fill="#25bce6"/></svg></div></td>
      <td class="gt_row gt_right">2015-02-15</td>
      <td class="gt_row gt_right">14:40</td>
      <td class="gt_row gt_right">2018-02-02 14:33</td>
      <td class="gt_row gt_right">17.95</td>
      <td class="gt_row gt_left">row_2</td>
      <td class="gt_row gt_left">grp_a</td>
    </tr>
    <tr>
      <td class="gt_row gt_right">33.33</td>
      <td class="gt_row gt_left">coconut</td>
      <td class="gt_row gt_left"><div style="display: flex;"><svg xmlns="http://www.w3.org/2000/svg" width="120" height="30"><circle cx="5.818181818181818" cy="15.0" r="5.818181818181818" fill="#9e9e9e"/><text dominant-baseline="central" text-anchor="start" font-size="16" fill="black" x="14.545454545454545" y="15.0">three</text><rect x="0" y="24.6" width="3.3393393393393387" height="3.75" rx="2" fill="#9e9e9e"/></svg></div></td>
      <td class="gt_row gt_right">2015-03-15</td>
      <td class="gt_row gt_right">15:45</td>
      <td class="gt_row gt_right">2018-03-03 03:44</td>
      <td class="gt_row gt_right">1.39</td>
      <td class="gt_row gt_left">row_3</td>
      <td class="gt_row gt_left">grp_a</td>
    </tr>
  </tbody>
  '''
# ---
# name: test_gt_plt_dumbbell_snap
  '''
  <tbody class="gt_table_body">
    <tr>
      <td class="gt_row gt_right"><div style="display: flex;"><svg xmlns="http://www.w3.org/2000/svg" width="100" height="30"><rect x="8.333333333333332" y="18.5" width="20.833333333333336" height="3.0" rx="2" fill="grey"/><circle stroke="white" stroke-width="1.5" cx="8.333333333333332" cy="20.0" r="3.75" fill="purple"/><circle stroke="white" stroke-width="1.5" cx="29.166666666666668" cy="20.0" r="3.75" fill="green"/><text dominant-baseline="lower" text-anchor="middle" font-size="10" font-weight="bold" fill="purple" x="8.333333333333332" y="14.45">10</text><text dominant-baseline="lower" text-anchor="middle" font-size="10" font-weight="bold" fill="green" x="29.166666666666668" y="14.45">15</text></svg></div></td>
    </tr>
    <tr>
      <td class="gt_row gt_right"><div style="display: flex;"><svg xmlns="http://www.w3.org/2000/svg" width="100" height="30"><rect x="29.166666666666668" y="18.5" width="20.833333333333332" height="3.0" rx="2" fill="grey"/><circle stroke="white" stroke-width="1.5" cx="29.166666666666668" cy="20.0" r="3.75" fill="purple"/><circle stroke="white" stroke-width="1.5" cx="50.0" cy="20.0" r="3.75" fill="green"/><text dominant-baseline="lower" text-anchor="middle" font-size="10" font-weight="bold" fill="purple" x="29.166666666666668" y="14.45">15</text><text dominant-baseline="lower" text-anchor="middle" font-size="10" font-weight="bold" fill="green" x="50.0" y="14.45">20</text></svg></div></td>
    </tr>
    <tr>
      <td class="gt_row gt_right"><div style="display: flex;"><svg xmlns="http://www.w3.org/2000/svg" width="100" height="30"><rect x="70.83333333333334" y="18.5" width="20.833333333333314" height="3.0" rx="2" fill="grey"/><circle stroke="white" stroke-width="1.5" cx="70.83333333333334" cy="20.0" r="3.75" fill="purple"/><circle stroke="white" stroke-width="1.5" cx="91.66666666666666" cy="20.0" r="3.75" fill="green"/><text dominant-baseline="lower" text-anchor="middle" font-size="10" font-weight="bold" fill="purple" x="70.83333333333334" y="14.45">25</text><text dominant-baseline="lower" text-anchor="middle" font-size="10" font-weight="bold" fill="green" x="91.66666666666666" y="14.45">30</text></svg></div></td>
    </tr>
  </tbody>
  '''
# ---
# name: test_gt_plt_winloss_snap
  '''
  <tbody class="gt_table_body">
    <tr>
      <td class="gt_row gt_left">A</td>
      <td class="gt_row gt_right"><div style="display: flex;"><svg xmlns="http://www.w3.org/2000/svg" width="80" height="30"><rect x="0.0" y="6.0" width="24.666666666666668" height="12.0" rx="2" fill="blue"/><rect x="26.666666666666668" y="12.0" width="24.666666666666668" height="6.0" rx="2" fill="grey"/><rect x="53.333333333333336" y="12.0" width="24.666666666666668" height="12.0" rx="2" fill="red"/></svg></div></td>
    </tr>
    <tr>
      <td class="gt_row gt_left">B</td>
      <td class="gt_row gt_right"><div style="display: flex;"><svg xmlns="http://www.w3.org/2000/svg" width="80" height="30"><rect x="0.0" y="12.0" width="24.666666666666668" height="12.0" rx="2" fill="red"/><rect x="26.666666666666668" y="12.0" width="24.666666666666668" height="12.0" rx="2" fill="red"/><rect x="53.333333333333336" y="6.0" width="24.666666666666668" height="12.0" rx="2" fill="blue"/></svg></div></td>
    </tr>
  </tbody>
  '''
# ---
