Lorem ipsum odor amet, consectetuer adipiscing elit. Potenti id finibus nam himenaeos montes primis scelerisque amet in? Praesent lacinia ex condimentum porttitor sagittis penatibus. Penatibus litora tristique sed ex metus condimentum. Etiam non rutrum sit nisl purus ac rhoncus. Volutpat nunc accumsan; habitasse nec justo penatibus risus natoque. Ut adipiscing inceptos cursus; montes tempor feugiat. Et dictum facilisi semper; eros fringilla iaculis ac dictumst. Vehicula maecenas malesuada interdum suscipit risus nostra eget imperdiet. Aptent litora curabitur commodo tempor rhoncus semper fringilla purus.

Facilisis tincidunt nisl sapien dapibus congue id. Dapibus conubia feugiat eget mus sem nullam ac volutpat. Morbi lobortis congue rhoncus ante felis. Libero volutpat eget urna, mollis et suspendisse. Felis integer augue primis parturient mi nisl felis vulputate. Mi nec mauris ipsum fringilla maecenas aptent libero. Ullamcorper egestas mollis duis justo donec luctus pellentesque potenti. Morbi metus ultricies; ut magna molestie varius bibendum.

Fringilla leo tempor parturient leo nisi a pellentesque. Lorem lobortis at commodo vehicula fringilla nec per. Venenatis maximus neque class est eu sit ac. Lectus ut euismod enim tincidunt diam. Hac aenean odio aenean quis velit, donec nisi sagittis. Aporttitor ultrices est dui nulla mi. Asenectus consequat facilisi arcu tincidunt nec; volutpat nostra.

Inceptos feugiat tincidunt mollis suscipit ante dapibus. Felis auctor semper conubia, porttitor elementum aliquet scelerisque. Porta porta eu per primis aptent. Habitant cubilia tortor himenaeos vehicula auctor. Dignissim hac ridiculus lobortis primis iaculis et tristique? Pulvinar malesuada interdum rhoncus himenaeos; efficitur varius praesent. Maximus at eget vel molestie ad ultrices. Iaculis tempor metus litora praesent amet efficitur porttitor. Potenti platea adipiscing luctus, netus posuere suspendisse placerat et. Nascetur porta montes enim fusce, donec fames.

Montes commodo praesent semper orci vehicula maecenas adipiscing finibus. Libero egestas leo; eros quam dapibus nulla. Sem eros risus nascetur risus efficitur rhoncus purus curabitur. Quam id ullamcorper eleifend praesent ad. Hendrerit fermentum ad massa senectus accumsan aptent tristique. Sed et pellentesque orci lorem fringilla quisque nulla. Volutpat ridiculus phasellus non purus ultricies litora habitant volutpat. Tortor tellus posuere malesuada turpis interdum libero auctor quis. Sed ridiculus hac torquent pellentesque mattis per. Interdum mattis class neque placerat in curae.

Condimentum condimentum molestie dapibus; enim nunc semper. Himenaeos pulvinar quis torquent praesent quam in fringilla. Finibus erat interdum ex tristique cras. Etiam non senectus class; bibendum etiam senectus. Nulla montes vestibulum turpis pretium bibendum per. Aliquet nisi parturient egestas class inceptos. Consequat curabitur etiam odio nostra elementum accumsan. Id lacinia enim nascetur accumsan; potenti porttitor sagittis!

Semper est at venenatis; maximus orci leo turpis magnis. Maecenas velit molestie inceptos fames elit commodo. Volutpat consequat elit purus mi duis dui. Maecenas fringilla phasellus rhoncus tempus sollicitudin vestibulum ut accumsan ad. Scelerisque tempus habitant maximus nec leo pulvinar. Metus aptent netus laoreet magna at laoreet taciti mi. Primis suspendisse feugiat, luctus porta sodales malesuada.

Ornare elit amet eu, mus risus justo iaculis curabitur. Proin sodales adipiscing mollis praesent conubia imperdiet imperdiet donec. Mollis ex interdum adipiscing maecenas dis commodo iaculis eros. Fames pharetra massa imperdiet ligula, facilisis praesent nam nisl. Diam accumsan mus praesent porta habitasse. Fusce dui egestas platea dolor natoque sit scelerisque sociosqu mus. Ad primis tellus penatibus sapien amet imperdiet aliquet. Habitasse finibus integer inceptos ridiculus pellentesque feugiat turpis.

Tincidunt fringilla est lectus ultricies condimentum felis. Nullam cras sociosqu sodales vitae quis praesent. Vestibulum aenean interdum platea nisi in eleifend ultricies justo mi. Cursus proin interdum velit pretium natoque etiam ultricies egestas. Tristique suscipit sed erat vivamus commodo. Eget phasellus elementum quam augue platea sollicitudin cursus natoque volutpat. Imperdiet phasellus orci orci tempor egestas mi dolor congue. Erat dui bibendum pulvinar viverra luctus vel vitae scelerisque. Quis maecenas convallis laoreet nullam nullam velit eu.

Fermentum orci nunc velit lacinia commodo. Nisi orci sapien fusce tempus nisl lectus nulla. Commodo blandit nulla vehicula massa elementum sollicitudin posuere. Convallis porttitor diam dui pharetra congue natoque! Dapibus diam mus vel aptent quis, iaculis turpis ultricies. Aptent nibh massa eleifend habitant vehicula justo taciti. Lorem sagittis ante curabitur habitasse vestibulum ullamcorper.

Pellentesque tristique quis augue volutpat; platea mattis leo pretium praesent. Finibus rhoncus amet venenatis ultricies lorem facilisis rhoncus. Dignissim dolor ex curae venenatis tincidunt metus ex erat? Etiam quam nulla tristique adipiscing eros sollicitudin. Iaculis convallis natoque ad leo sem libero, himenaeos penatibus. Eros lacinia cursus elit himenaeos mus mus. Nibh consequat ac class rutrum id elit et. Facilisi convallis id sollicitudin quam id. Porttitor taciti at augue egestas ridiculus risus dis.

Nisl nisi cubilia maecenas; facilisi quis ullamcorper aptent. Tristique nisi mattis maximus faucibus augue sit fermentum. Aliquam primis suspendisse purus ultrices dolor id penatibus. Urna ornare leo purus eleifend pulvinar ultrices. Montes interdum litora auctor commodo pretium cras class convallis dictumst. Habitasse tristique tellus aenean turpis rhoncus. Ad vel litora facilisis lacus nisl semper duis accumsan.

Lacinia ut scelerisque elementum porttitor commodo sem ornare neque. Ligula massa duis dis venenatis habitant hendrerit turpis ornare. Elit montes nascetur finibus metus et venenatis purus platea vivamus. Lobortis conubia potenti iaculis; vestibulum fringilla erat bibendum? Venenatis aliquam vitae neque fermentum donec. Sapien tortor vehicula feugiat iaculis ac vestibulum curae pharetra. Quis sagittis congue leo nullam mattis vestibulum mollis fringilla. Sodales lacus dui mattis maecenas neque arcu curabitur metus vehicula. Conubia ac volutpat; vitae taciti neque litora ligula tincidunt. Commodo cursus sollicitudin senectus faucibus natoque; ipsum suspendisse.

Mollis aliquam magnis eget maecenas aliquam. Luctus per conubia vel egestas libero eu metus bibendum. Taciti quisque ac lobortis auctor feugiat pellentesque hendrerit feugiat. Class quisque commodo montes ut libero. In nibh pellentesque ornare nisl neque mauris luctus est. Ipsum massa sagittis praesent fermentum sodales aptent a habitant. Eleifend in libero mus iaculis rhoncus; et taciti morbi. Condimentum dictumst per non varius senectus habitasse vehicula.

Mi blandit potenti fermentum conubia dapibus condimentum tempus. Curabitur lectus elit eu quisque mattis lacus at tempor ullamcorper. Quisque fringilla suspendisse augue pharetra vestibulum ultricies tellus. Ad netus sem sodales hendrerit laoreet, donec in sapien. Venenatis ultrices venenatis eros consequat metus vehicula id. Dictumst sollicitudin sollicitudin facilisis consectetur elementum. Nullam amet pharetra duis lacinia ultricies mollis. Mollis elementum lectus adipiscing ipsum; facilisis imperdiet. Dolor efficitur pretium ornare odio curae sit ex class volutpat. Nisi euismod adipiscing phasellus; cras dapibus efficitur sociosqu.

Ante turpis fermentum netus ornare porta consectetur. Elit vestibulum enim venenatis ante facilisis efficitur ante sit! Netus accumsan lacus parturient donec; habitant lectus faucibus turpis. Iaculis semper varius accumsan conubia nullam risus tempor nisl. Varius curae justo proin varius fermentum eleifend sapien conubia. Maecenas sodales erat nisl maecenas; conubia nam per. Commodo habitant sapien feugiat euismod a. Pharetra eget ligula metus massa ad fringilla auctor tempus sociosqu. Montes dignissim volutpat nullam habitasse per natoque. Non parturient tempus velit ipsum nam.

Nisl posuere et nisi habitant eros fermentum finibus. Nunc class sollicitudin praesent ultrices convallis id. Himenaeos suscipit ante tristique nostra ridiculus nunc in tristique. Elementum etiam facilisi tempor luctus varius platea netus ipsum montes. Egestas duis netus ipsum primis nunc ornare. Facilisis morbi morbi cursus fringilla vel venenatis mus leo. Vehicula vestibulum facilisis nibh habitasse nisi himenaeos quis. Mus ipsum quisque ut, vitae maecenas ad. Turpis orci dui ac efficitur vehicula per curae nascetur. Sagittis tincidunt mattis viverra vel fusce, feugiat feugiat.

Fringilla magnis ridiculus adipiscing potenti sagittis ad. Elit rutrum venenatis consequat; venenatis eleifend platea. Aenean dignissim cubilia aliquam, vehicula aliquet himenaeos. Cubilia consequat dis tempus ipsum tincidunt vehicula. Ornare ullamcorper pretium cursus nibh mattis ad turpis. Quis maximus interdum felis gravida nibh dui. Facilisis donec potenti imperdiet; arcu dis neque at. Lacus curabitur vitae potenti penatibus suscipit. Vestibulum aliquet eros nunc adipiscing viverra mi facilisis quisque.

Ultrices mi risus condimentum pretium suspendisse nisl vehicula dictumst faucibus. Nibh mauris etiam eros finibus mauris rutrum. Vivamus pulvinar finibus nostra nascetur ligula habitant ac. Curabitur ac maximus nisl massa ipsum placerat id. Diam elementum class maximus urna hac curae suscipit sit fermentum. Consequat ridiculus commodo mauris tortor finibus in ut libero. Dui sit commodo vel adipiscing consequat. Commodo sit ex tempus litora tortor vehicula venenatis inceptos eleifend. Penatibus litora nascetur nostra vitae libero curae litora ultricies.

Venenatis justo molestie vivamus lobortis adipiscing. Odio litora dictum platea maximus quam netus cubilia. Ac maecenas ultricies duis cubilia lacus donec fringilla rhoncus. Fames ex tincidunt massa augue felis rutrum accumsan posuere. Semper interdum placerat justo per inceptos orci ultricies. Convallis interdum aliquet lectus ut sagittis blandit. Quisque neque ad dui class placerat nostra.

Sem semper lacus turpis venenatis proin nullam. Litora sed conubia quisque facilisi aptent scelerisque. Quam nibh tortor ante platea mauris lobortis gravida maximus arcu. Lacinia eleifend metus ad mattis taciti. Rutrum donec vulputate netus bibendum diam. Arcu etiam ullamcorper leo aliquet condimentum ipsum et.

Venenatis suspendisse placerat sit ut varius tristique pellentesque curae. Aptent facilisis arcu vestibulum vitae, lacus posuere in. Erat senectus tortor ipsum lobortis erat. Nullam at ipsum convallis sociosqu et consectetur. Sit fusce inceptos dapibus vulputate egestas accumsan consequat. Justo neque ante; finibus feugiat malesuada libero pretium ut? Donec porttitor nec mi curae montes turpis condimentum dis. Sed sapien torquent nec elit lorem finibus maecenas.

Finibus torquent ipsum blandit parturient fermentum. Ligula elementum dui per ullamcorper justo himenaeos? Mollis penatibus vehicula porta libero sollicitudin turpis netus sociosqu. Per leo vivamus leo bibendum turpis libero. Libero sed malesuada donec lacus dui ligula cras fermentum. Dapibus penatibus mi nibh congue tellus nam.

Semper penatibus quam etiam aenean netus pretium justo. Iaculis inceptos platea curae suspendisse rhoncus. Eu dapibus ridiculus aptent quisque sagittis finibus pulvinar congue risus. Nam malesuada bibendum commodo aliquam senectus eget sed. Eleifend dictumst elit arcu vivamus suspendisse odio duis urna. Aptent dignissim tristique quisque arcu vestibulum congue primis ut vivamus. Aenean egestas rutrum; fusce placerat lacus volutpat. Varius ante etiam fringilla consectetur vestibulum.

Sed sapien ipsum suspendisse odio diam diam dis imperdiet. Amet purus adipiscing enim neque orci ac donec. Tortor eu eleifend lacus dignissim suspendisse sed ligula hac. Ac facilisis dignissim nec ultricies cras etiam mi tincidunt ipsum? Aliquet sodales orci ac fringilla ridiculus habitasse aliquam donec. Facilisis class ligula vivamus mattis ornare. Sed congue elementum praesent facilisis blandit etiam eget. Tempor litora leo feugiat sem aptent sit.

Condimentum fames posuere suspendisse sociosqu elementum nisl. Velit suspendisse maecenas dolor ridiculus justo ornare tempor. Molestie non lobortis nam vestibulum laoreet. Vivamus nullam odio mollis vivamus, urna etiam finibus duis venenatis. Sodales ut sollicitudin pharetra praesent eu ornare cras mattis iaculis? Condimentum etiam arcu odio laoreet ultrices viverra. Integer placerat hac facilisi in dis sem dictum tortor morbi? Integer euismod molestie molestie egestas litora tortor.

Orci proin rutrum tempus libero rutrum montes ac laoreet nam. Sodales massa quis bibendum tortor at taciti senectus potenti tristique! Curae suspendisse arcu ullamcorper erat elit montes habitasse. Efficitur nisi senectus netus nisi; lobortis turpis quisque ipsum. Potenti potenti mauris pretium eros rutrum. Fringilla imperdiet sagittis lacinia ex ultricies fames penatibus.

Gravida vehicula dolor parturient sociosqu egestas. Magna varius eu curabitur aliquet sapien dis. Natoque lacus molestie malesuada, nibh hac varius. Facilisi varius neque nibh phasellus vel. Ultricies porta risus eu, nostra mollis aliquam est. Imperdiet vestibulum placerat aliquet viverra amet suspendisse tincidunt. Fermentum lacinia vestibulum hac ultricies facilisis faucibus.

Inceptos egestas laoreet sodales molestie, at nibh euismod. Finibus eros ut placerat dictum praesent id habitant dapibus. Lectus a diam penatibus felis nam per. Maecenas hendrerit magnis, facilisis ultrices augue curae tempor. Tortor faucibus tortor at turpis lacinia. Inceptos molestie tortor netus phasellus tortor sapien. Magnis finibus habitant lectus elit in ultrices pharetra placerat. Taciti nisl mus faucibus faucibus rhoncus finibus. Facilisi inceptos quisque condimentum pulvinar finibus ante cubilia neque.

Ipsum consectetur placerat himenaeos, felis tellus himenaeos a. Fermentum magna consequat volutpat curabitur velit lobortis. Egestas eleifend nascetur tempus pulvinar aenean. Vestibulum sollicitudin dis nam efficitur erat; nulla quam. Accumsan nibh molestie phasellus diam potenti lectus justo proin. Fames erat ultricies etiam maximus proin.

Convallis nullam rutrum sodales dui porta penatibus. Elementum sodales feugiat aliquam pretium litora magna ligula nulla facilisi. Bibendum quisque montes sagittis bibendum nullam metus. Consectetur nulla eu sociosqu primis ultricies. Aliquam vehicula lacus vestibulum ultrices augue nulla. Odio nunc suspendisse augue fringilla feugiat feugiat nec urna. Finibus blandit gravida elementum diam, dapibus conubia mollis sem. Tincidunt cras tellus felis auctor sapien. Maecenas cubilia ultricies id; etiam convallis eu. Per condimentum sollicitudin diam adipiscing habitasse aliquet blandit.

Vitae ipsum class nam elementum elementum vulputate penatibus viverra. Velit est habitasse faucibus diam habitant praesent. Tempus natoque placerat velit duis eget cubilia. Litora convallis suscipit turpis quam elit nec, sodales nam. Mattis per dictum fusce tempus ut libero. Scelerisque donec potenti sit suscipit pharetra penatibus. Nullam tellus tincidunt platea tincidunt porttitor ullamcorper.

Nullam vel inceptos rutrum pellentesque lectus ullamcorper malesuada facilisis. Tellus amet velit morbi tempor feugiat venenatis phasellus praesent leo. Justo proin quam aenean consequat malesuada id. Eu himenaeos et quam vehicula tincidunt ante aptent odio. Integer phasellus nulla augue, urna in arcu varius aliquam pretium. Aptent tincidunt pulvinar suspendisse augue vitae molestie quam cras cras. Posuere nam donec dolor vulputate mi nulla feugiat. Felis vel nunc tempus sodales ex mollis ut magna.

Torquent consequat egestas lobortis purus hendrerit convallis nam. Volutpat volutpat conubia dignissim congue nec. Integer aenean habitant sapien sollicitudin habitasse morbi. Sagittis lacus vitae potenti scelerisque sit id. Est scelerisque fringilla dui pharetra imperdiet eleifend? Hendrerit lacus vel nulla maecenas lobortis tempor metus. Taciti pretium faucibus tortor adipiscing varius ridiculus egestas.

Finibus aliquam vestibulum magnis sagittis nibh in ridiculus. Imperdiet consequat conubia arcu lobortis feugiat mauris aliquam. Vel sodales cubilia vivamus pellentesque nam quis sem. Feugiat viverra conubia eleifend tempor sapien class consequat pretium ipsum. Consequat sollicitudin pharetra odio justo malesuada neque, commodo amet donec. Auctor integer fames aptent rutrum purus auctor eros. Phasellus neque praesent luctus venenatis gravida tellus neque. Ante accumsan blandit; blandit erat interdum habitant. Ligula habitant egestas lacinia a ullamcorper.

Ipsum lacus per maximus netus platea iaculis. Morbi finibus metus ac ante ridiculus lacinia felis. At tellus ultricies lobortis senectus nibh lorem aenean? Inceptos orci phasellus laoreet inceptos mollis. Elit dignissim in nulla sollicitudin varius penatibus scelerisque inceptos. Mattis tincidunt sociosqu metus amet facilisis molestie dictum habitant. Id senectus venenatis placerat posuere placerat nullam conubia in. Cras mattis phasellus taciti cras nisl maximus eget montes. Anulla integer imperdiet per vivamus montes posuere.

Aliquet auctor mi massa eleifend quam vulputate ligula. Morbi aliquet nostra ac urna class diam tempus. Class aliquam potenti nostra consectetur; donec ex eros. Posuere non erat lacinia est, morbi aenean consectetur eget? Ridiculus congue torquent nisl enim nullam metus mus facilisi taciti. Hac curabitur lectus phasellus ullamcorper inceptos enim tempus duis duis. In litora ante quam eget diam ad quisque habitant. Felis sit nisi vulputate montes; auctor parturient faucibus.

Nisl blandit eu risus ullamcorper sem. Urna mattis vitae elementum; nisi consequat phasellus mi parturient. Facilisi conubia hendrerit eu; finibus rutrum faucibus aliquet. Duis senectus dictumst lacus curabitur amet torquent fringilla maecenas. Litora nisl faucibus mauris vel nulla nunc euismod. Conubia turpis ad malesuada morbi leo congue. Maecenas ullamcorper magna montes libero inceptos finibus sociosqu hendrerit. Placerat volutpat taciti mollis urna mattis mi nisl.

Inceptos maximus senectus curae quis tempus ante mattis felis. Id integer taciti mauris magnis purus nulla eros venenatis conubia. Porta donec penatibus nostra fames, himenaeos quis per. Donec dis conubia potenti tempus odio ac molestie nisl taciti. Congue ullamcorper et sapien sodales vitae arcu nisi congue. Class efficitur bibendum parturient arcu facilisis tristique nibh litora. Ullamcorper magnis turpis donec pretium id donec vehicula molestie.

Mollis arcu quisque volutpat, malesuada litora mauris. Leo pulvinar condimentum volutpat pellentesque suspendisse pretium hendrerit. Lectus euismod posuere mollis ex rutrum. Hac facilisis vehicula curae pretium pellentesque. Pharetra dui conubia sed condimentum non viverra nullam. Eget eu quis parturient nostra auctor nulla. Blandit nam ligula rutrum interdum orci.

Non dui montes aptent, maecenas ridiculus gravida vitae. Leo lobortis efficitur sit ullamcorper elit ullamcorper nec egestas. Rutrum facilisis dui lobortis quisque praesent commodo. Luctus ac eleifend consequat consectetur aliquet erat quisque tellus. Felis litora convallis bibendum condimentum quis, fusce finibus. Finibus tempus ante at hac congue aliquam scelerisque. Tempus libero vehicula ornare parturient lobortis blandit urna per lobortis. Dictum class sollicitudin ut lacus diam bibendum. Aliquet non litora placerat tellus eu; fames eget volutpat auctor.

Vestibulum pellentesque nascetur hendrerit erat non. Eros tristique mi mus felis, risus congue dis nulla blandit. Efficitur posuere etiam sit a habitant eros ullamcorper. Sagittis curabitur condimentum fusce montes eleifend tempus suscipit habitant. Nisi parturient faucibus accumsan dictum hendrerit viverra vulputate eu porta. Tristique imperdiet aliquet amet enim cras nisi dictum. Suscipit curabitur risus nulla diam dapibus senectus mollis gravida. Sodales aliquam primis dignissim lobortis sapien quis tortor.

Arcu neque at hendrerit est nibh quam quis. Metus placerat euismod ante amet elit id etiam sodales. Risus neque pharetra proin hendrerit feugiat commodo metus ante. Commodo purus malesuada quisque odio facilisis vitae. At fames velit ex pretium quis in tristique hendrerit mauris? Odio vivamus placerat gravida dapibus dictum blandit cubilia risus. Auctor praesent gravida maecenas nisl quisque platea metus lacinia hendrerit. Sagittis risus ipsum; pulvinar nullam per magna penatibus. Condimentum ac lobortis vitae sit sagittis.

Viverra dictumst blandit penatibus molestie convallis lacinia netus nulla fames. Dapibus non dis et amet diam. Vestibulum augue aliquam natoque diam phasellus imperdiet. Velit eleifend torquent iaculis facilisi neque condimentum dui ex ac. Facilisi praesent pretium netus vestibulum mauris nam. Vivamus consectetur nostra donec at justo, commodo torquent amet.

Pellentesque rhoncus parturient ac mattis mauris vivamus sapien facilisis. Scelerisque habitasse ornare aptent arcu mauris dignissim penatibus. Netus feugiat aliquam fringilla praesent mattis tellus, ullamcorper metus? Facilisi ultricies ad luctus porttitor tristique bibendum platea erat. Leo bibendum enim condimentum est duis interdum leo. Augue sociosqu congue nulla libero ultrices est aliquet bibendum duis. Faucibus penatibus vulputate efficitur vivamus ridiculus. Conubia aenean nostra quis odio bibendum mus imperdiet. Porttitor praesent ex facilisis nec auctor. Cras tempor magnis justo etiam sodales odio.

Augue in mus urna sagittis tortor class magnis aenean. Congue nunc elementum dapibus ridiculus eu interdum mus. Potenti commodo sit facilisi lorem fringilla mauris cras rhoncus. Ligula mattis venenatis turpis suscipit imperdiet. Aliquet condimentum posuere viverra; cras cursus purus quam vulputate. Diam feugiat curabitur maximus donec consequat. Amollis volutpat nibh molestie tempor aenean. Aliquet efficitur inceptos dui turpis habitant finibus laoreet fringilla ac. Fringilla fringilla vivamus ipsum porttitor fringilla. Ipsum aliquam pulvinar risus; suspendisse sed lacinia accumsan curabitur.

Cubilia augue neque a est pharetra primis at? Urna praesent magnis sem viverra; vehicula accumsan lacinia. Semper velit litora vivamus donec venenatis. Adipiscing ultrices nec sollicitudin at, iaculis curabitur himenaeos. Blandit mi lectus, leo montes bibendum euismod facilisis turpis. Placerat amet facilisi tortor feugiat pellentesque ullamcorper sit. Fames ut tempus condimentum donec tincidunt. Placerat class primis volutpat sed; per torquent blandit. Placerat ornare commodo curae taciti fames at. Et scelerisque conubia ultrices litora efficitur placerat?

Quisque duis inceptos ex gravida natoque. Tincidunt orci interdum vitae hac amet rutrum dolor. Tempor pretium adipiscing diam nullam et taciti egestas duis praesent. Metus augue parturient sem ultrices penatibus vulputate; habitant nostra consectetur. Amet sociosqu viverra tellus scelerisque nunc bibendum consectetur. Nam ipsum auctor, morbi rhoncus diam facilisi fringilla vitae. Quisque parturient ullamcorper vulputate est ac erat congue. Risus nec ut consectetur suscipit proin.

Nibh habitant commodo auctor ornare fusce potenti curae. Accumsan faucibus nascetur ultrices fringilla etiam ornare eget. Finibus facilisis egestas auctor interdum phasellus sagittis finibus consequat. Finibus cursus litora est varius vivamus. Tincidunt vulputate nulla per id morbi orci semper conubia. Malesuada libero dapibus senectus varius pellentesque nibh. Convallis magnis felis etiam; fermentum habitasse aenean eget ullamcorper. Blandit vestibulum phasellus dictumst tortor posuere. Natoque netus eleifend congue; lacinia ornare tincidunt.

Sodales auctor cursus arcu erat neque ex vehicula pulvinar nascetur. Curabitur interdum proin rhoncus diam vel potenti tristique. Sem pellentesque montes; primis potenti luctus bibendum. Tincidunt potenti nunc dignissim nisl sapien maecenas iaculis elementum. Porta consectetur fusce ex ac penatibus montes elementum. Donec porttitor lacus tortor orci lacus; phasellus porta platea varius. Ipsum senectus nam sodales amet per. Risus dis sodales maecenas turpis magnis egestas blandit ridiculus. Elit feugiat gravida vitae penatibus dictum semper.
