Lorem ipsum odor amet, consectetuer adipiscing elit. Eu consequat feugiat himenaeos iaculis aenean primis lorem fames morbi. Cubilia varius primis class imperdiet euismod nunc. Semper dis habitant adipiscing malesuada nostra. Et leo accumsan tellus integer facilisis augue netus habitant. Ridiculus eleifend suspendisse laoreet accumsan mi posuere auctor. Mauris aliquet cras senectus phasellus porta. Ligula vestibulum habitasse varius sed curae. Hendrerit gravida suscipit iaculis consequat donec euismod viverra sollicitudin. Consequat habitasse etiam aenean erat, dui nunc. Adipiscing luctus nibh montes aliquam volutpat nulla id aliquam pharetra. At magnis mus pulvinar urna tellus sem efficitur fusce. Parturient ac proin mauris vel fusce fusce mauris ligula? Sed mi parturient eu molestie quisque potenti. Dis arcu egestas imperdiet mi dictum elementum? Mollis aliquam magna ad inceptos odio ridiculus ad nostra id. Finibus rutrum nostra dolor leo ornare mattis. Fames pulvinar pretium quis mus bibendum suspendisse conubia dolor. Curabitur cubilia laoreet; iaculis blandit eu nulla sollicitudin mi. Venenatis parturient himenaeos ridiculus finibus montes conubia sodales pellentesque. Sollicitudin lacus et nibh class placerat tortor varius habitasse. Tristique primis ad commodo vivamus fames duis eget maecenas. Etiam class molestie natoque vestibulum nullam hendrerit placerat non. Eros habitasse mauris erat eros at iaculis dignissim. Elit platea at faucibus sodales sapien. Tellus nulla suscipit commodo mollis venenatis ex ac. In quisque lacus tellus facilisi urna aptent molestie. Sagittis magna egestas ornare amet euismod faucibus. Elementum varius pharetra taciti cubilia habitant enim dolor. Mus dignissim iaculis augue; amet fames varius vehicula. Sodales nostra nam eleifend nibh rutrum augue, himenaeos nunc dictumst. Venenatis ante vivamus fringilla fringilla magna lectus ante suscipit lacus. Ullamcorper porttitor gravida magna posuere nisi dignissim. Vitae primis dapibus senectus ullamcorper platea dignissim. Vel efficitur mattis integer nibh duis. Cubilia vel rhoncus taciti ad scelerisque. Fringilla netus nisl orci risus luctus cras dis. Habitasse primis cras nec morbi quam.
